de.metas.payment.revolut.RevolutExportRepoTest.saveAll=[
  [
    {
      "IBAN": "iban",
      "SwiftCode": "SwiftCode",
      "accountNo": "accountNo",
      "addressLine1": "addr1",
      "addressLine2": "addr2",
      "amount" : "10 CHF",
      "city" : "city",
      "postalCode" : "postal",
      "recipientCountryId" : 5,
      "recipientBankCountryId" : 4,
      "recipientType" : "COMPANY"
    }
  ]
]